// Jest Snapshot v1, https://goo.gl/fbAQLP

exports[`Test Datadog Reporter class Test generateDatadogSeries method should call generateDatadogSeries method but not fetch 1`] = `
Array [
  Object {
    "metric": "test.counter",
    "points": Array [
      Object {
        "timestamp": 12345678,
        "value": 5,
      },
    ],
    "resources": Array [
      Object {
        "name": "test-host",
        "type": "host",
      },
    ],
    "tags": Array [
      "defLabel:def\\\\\\\\Value-\\\\\\"quote\\\\\\"",
    ],
    "type": 1,
  },
  Object {
    "metric": "test.counter",
    "points": Array [
      Object {
        "timestamp": 12345678,
        "value": 8,
      },
    ],
    "resources": Array [
      Object {
        "name": "test-host",
        "type": "host",
      },
    ],
    "tags": Array [
      "defLabel:def\\\\\\\\Value-\\\\\\"quote\\\\\\"",
      "action:posts",
    ],
    "type": 1,
  },
  Object {
    "metric": "test.gauge",
    "points": Array [
      Object {
        "timestamp": 12345678,
        "value": -8,
      },
    ],
    "resources": Array [
      Object {
        "name": "test-host",
        "type": "host",
      },
    ],
    "tags": Array [
      "defLabel:def\\\\\\\\Value-\\\\\\"quote\\\\\\"",
      "action:users",
    ],
    "type": 3,
  },
  Object {
    "metric": "test.histogram.bucket_1",
    "points": Array [
      Object {
        "timestamp": 12345678,
        "value": 0,
      },
    ],
    "resources": Array [
      Object {
        "name": "test-host",
        "type": "host",
      },
    ],
    "tags": Array [
      "defLabel:def\\\\\\\\Value-\\\\\\"quote\\\\\\"",
    ],
    "type": 2,
  },
  Object {
    "metric": "test.histogram.bucket_5",
    "points": Array [
      Object {
        "timestamp": 12345678,
        "value": 2,
      },
    ],
    "resources": Array [
      Object {
        "name": "test-host",
        "type": "host",
      },
    ],
    "tags": Array [
      "defLabel:def\\\\\\\\Value-\\\\\\"quote\\\\\\"",
    ],
    "type": 2,
  },
  Object {
    "metric": "test.histogram.bucket_10",
    "points": Array [
      Object {
        "timestamp": 12345678,
        "value": 4,
      },
    ],
    "resources": Array [
      Object {
        "name": "test-host",
        "type": "host",
      },
    ],
    "tags": Array [
      "defLabel:def\\\\\\\\Value-\\\\\\"quote\\\\\\"",
    ],
    "type": 2,
  },
  Object {
    "metric": "test.histogram.bucket_25",
    "points": Array [
      Object {
        "timestamp": 12345678,
        "value": 4,
      },
    ],
    "resources": Array [
      Object {
        "name": "test-host",
        "type": "host",
      },
    ],
    "tags": Array [
      "defLabel:def\\\\\\\\Value-\\\\\\"quote\\\\\\"",
    ],
    "type": 2,
  },
  Object {
    "metric": "test.histogram.bucket_50",
    "points": Array [
      Object {
        "timestamp": 12345678,
        "value": 4,
      },
    ],
    "resources": Array [
      Object {
        "name": "test-host",
        "type": "host",
      },
    ],
    "tags": Array [
      "defLabel:def\\\\\\\\Value-\\\\\\"quote\\\\\\"",
    ],
    "type": 2,
  },
  Object {
    "metric": "test.histogram.bucket_100",
    "points": Array [
      Object {
        "timestamp": 12345678,
        "value": 4,
      },
    ],
    "resources": Array [
      Object {
        "name": "test-host",
        "type": "host",
      },
    ],
    "tags": Array [
      "defLabel:def\\\\\\\\Value-\\\\\\"quote\\\\\\"",
    ],
    "type": 2,
  },
  Object {
    "metric": "test.histogram.bucket_250",
    "points": Array [
      Object {
        "timestamp": 12345678,
        "value": 4,
      },
    ],
    "resources": Array [
      Object {
        "name": "test-host",
        "type": "host",
      },
    ],
    "tags": Array [
      "defLabel:def\\\\\\\\Value-\\\\\\"quote\\\\\\"",
    ],
    "type": 2,
  },
  Object {
    "metric": "test.histogram.bucket_500",
    "points": Array [
      Object {
        "timestamp": 12345678,
        "value": 4,
      },
    ],
    "resources": Array [
      Object {
        "name": "test-host",
        "type": "host",
      },
    ],
    "tags": Array [
      "defLabel:def\\\\\\\\Value-\\\\\\"quote\\\\\\"",
    ],
    "type": 2,
  },
  Object {
    "metric": "test.histogram.bucket_1000",
    "points": Array [
      Object {
        "timestamp": 12345678,
        "value": 4,
      },
    ],
    "resources": Array [
      Object {
        "name": "test-host",
        "type": "host",
      },
    ],
    "tags": Array [
      "defLabel:def\\\\\\\\Value-\\\\\\"quote\\\\\\"",
    ],
    "type": 2,
  },
  Object {
    "metric": "test.histogram.bucket_2500",
    "points": Array [
      Object {
        "timestamp": 12345678,
        "value": 4,
      },
    ],
    "resources": Array [
      Object {
        "name": "test-host",
        "type": "host",
      },
    ],
    "tags": Array [
      "defLabel:def\\\\\\\\Value-\\\\\\"quote\\\\\\"",
    ],
    "type": 2,
  },
  Object {
    "metric": "test.histogram.bucket_5000",
    "points": Array [
      Object {
        "timestamp": 12345678,
        "value": 4,
      },
    ],
    "resources": Array [
      Object {
        "name": "test-host",
        "type": "host",
      },
    ],
    "tags": Array [
      "defLabel:def\\\\\\\\Value-\\\\\\"quote\\\\\\"",
    ],
    "type": 2,
  },
  Object {
    "metric": "test.histogram.bucket_10000",
    "points": Array [
      Object {
        "timestamp": 12345678,
        "value": 4,
      },
    ],
    "resources": Array [
      Object {
        "name": "test-host",
        "type": "host",
      },
    ],
    "tags": Array [
      "defLabel:def\\\\\\\\Value-\\\\\\"quote\\\\\\"",
    ],
    "type": 2,
  },
  Object {
    "metric": "test.histogram.bucket_inf",
    "points": Array [
      Object {
        "timestamp": 12345678,
        "value": 4,
      },
    ],
    "resources": Array [
      Object {
        "name": "test-host",
        "type": "host",
      },
    ],
    "tags": Array [
      "defLabel:def\\\\\\\\Value-\\\\\\"quote\\\\\\"",
    ],
    "type": 2,
  },
  Object {
    "metric": "test.histogram.q0.5",
    "points": Array [
      Object {
        "timestamp": 12345678,
        "value": 2,
      },
    ],
    "resources": Array [
      Object {
        "name": "test-host",
        "type": "host",
      },
    ],
    "tags": Array [
      "defLabel:def\\\\\\\\Value-\\\\\\"quote\\\\\\"",
    ],
    "type": 2,
  },
  Object {
    "metric": "test.histogram.q0.9",
    "points": Array [
      Object {
        "timestamp": 12345678,
        "value": 8,
      },
    ],
    "resources": Array [
      Object {
        "name": "test-host",
        "type": "host",
      },
    ],
    "tags": Array [
      "defLabel:def\\\\\\\\Value-\\\\\\"quote\\\\\\"",
    ],
    "type": 2,
  },
  Object {
    "metric": "test.histogram.q0.95",
    "points": Array [
      Object {
        "timestamp": 12345678,
        "value": 8,
      },
    ],
    "resources": Array [
      Object {
        "name": "test-host",
        "type": "host",
      },
    ],
    "tags": Array [
      "defLabel:def\\\\\\\\Value-\\\\\\"quote\\\\\\"",
    ],
    "type": 2,
  },
  Object {
    "metric": "test.histogram.q0.99",
    "points": Array [
      Object {
        "timestamp": 12345678,
        "value": 8,
      },
    ],
    "resources": Array [
      Object {
        "name": "test-host",
        "type": "host",
      },
    ],
    "tags": Array [
      "defLabel:def\\\\\\\\Value-\\\\\\"quote\\\\\\"",
    ],
    "type": 2,
  },
  Object {
    "metric": "test.histogram.q0.999",
    "points": Array [
      Object {
        "timestamp": 12345678,
        "value": 8,
      },
    ],
    "resources": Array [
      Object {
        "name": "test-host",
        "type": "host",
      },
    ],
    "tags": Array [
      "defLabel:def\\\\\\\\Value-\\\\\\"quote\\\\\\"",
    ],
    "type": 2,
  },
  Object {
    "metric": "test.histogram.sum",
    "points": Array [
      Object {
        "timestamp": 12345678,
        "value": 18,
      },
    ],
    "resources": Array [
      Object {
        "name": "test-host",
        "type": "host",
      },
    ],
    "tags": Array [
      "defLabel:def\\\\\\\\Value-\\\\\\"quote\\\\\\"",
    ],
    "type": 2,
  },
  Object {
    "metric": "test.histogram.count",
    "points": Array [
      Object {
        "timestamp": 12345678,
        "value": 4,
      },
    ],
    "resources": Array [
      Object {
        "name": "test-host",
        "type": "host",
      },
    ],
    "tags": Array [
      "defLabel:def\\\\\\\\Value-\\\\\\"quote\\\\\\"",
    ],
    "type": 2,
  },
  Object {
    "metric": "test.histogram.min",
    "points": Array [
      Object {
        "timestamp": 12345678,
        "value": 2,
      },
    ],
    "resources": Array [
      Object {
        "name": "test-host",
        "type": "host",
      },
    ],
    "tags": Array [
      "defLabel:def\\\\\\\\Value-\\\\\\"quote\\\\\\"",
    ],
    "type": 2,
  },
  Object {
    "metric": "test.histogram.mean",
    "points": Array [
      Object {
        "timestamp": 12345678,
        "value": 4.5,
      },
    ],
    "resources": Array [
      Object {
        "name": "test-host",
        "type": "host",
      },
    ],
    "tags": Array [
      "defLabel:def\\\\\\\\Value-\\\\\\"quote\\\\\\"",
    ],
    "type": 2,
  },
  Object {
    "metric": "test.histogram.variance",
    "points": Array [
      Object {
        "timestamp": 12345678,
        "value": 9,
      },
    ],
    "resources": Array [
      Object {
        "name": "test-host",
        "type": "host",
      },
    ],
    "tags": Array [
      "defLabel:def\\\\\\\\Value-\\\\\\"quote\\\\\\"",
    ],
    "type": 2,
  },
  Object {
    "metric": "test.histogram.stddev",
    "points": Array [
      Object {
        "timestamp": 12345678,
        "value": 3,
      },
    ],
    "resources": Array [
      Object {
        "name": "test-host",
        "type": "host",
      },
    ],
    "tags": Array [
      "defLabel:def\\\\\\\\Value-\\\\\\"quote\\\\\\"",
    ],
    "type": 2,
  },
  Object {
    "metric": "test.histogram.max",
    "points": Array [
      Object {
        "timestamp": 12345678,
        "value": 8,
      },
    ],
    "resources": Array [
      Object {
        "name": "test-host",
        "type": "host",
      },
    ],
    "tags": Array [
      "defLabel:def\\\\\\\\Value-\\\\\\"quote\\\\\\"",
    ],
    "type": 2,
  },
  Object {
    "metric": "test.histogram.bucket_1",
    "points": Array [
      Object {
        "timestamp": 12345678,
        "value": 1,
      },
    ],
    "resources": Array [
      Object {
        "name": "test-host",
        "type": "host",
      },
    ],
    "tags": Array [
      "defLabel:def\\\\\\\\Value-\\\\\\"quote\\\\\\"",
      "action:auth",
    ],
    "type": 2,
  },
  Object {
    "metric": "test.histogram.bucket_5",
    "points": Array [
      Object {
        "timestamp": 12345678,
        "value": 2,
      },
    ],
    "resources": Array [
      Object {
        "name": "test-host",
        "type": "host",
      },
    ],
    "tags": Array [
      "defLabel:def\\\\\\\\Value-\\\\\\"quote\\\\\\"",
      "action:auth",
    ],
    "type": 2,
  },
  Object {
    "metric": "test.histogram.bucket_10",
    "points": Array [
      Object {
        "timestamp": 12345678,
        "value": 3,
      },
    ],
    "resources": Array [
      Object {
        "name": "test-host",
        "type": "host",
      },
    ],
    "tags": Array [
      "defLabel:def\\\\\\\\Value-\\\\\\"quote\\\\\\"",
      "action:auth",
    ],
    "type": 2,
  },
  Object {
    "metric": "test.histogram.bucket_25",
    "points": Array [
      Object {
        "timestamp": 12345678,
        "value": 3,
      },
    ],
    "resources": Array [
      Object {
        "name": "test-host",
        "type": "host",
      },
    ],
    "tags": Array [
      "defLabel:def\\\\\\\\Value-\\\\\\"quote\\\\\\"",
      "action:auth",
    ],
    "type": 2,
  },
  Object {
    "metric": "test.histogram.bucket_50",
    "points": Array [
      Object {
        "timestamp": 12345678,
        "value": 3,
      },
    ],
    "resources": Array [
      Object {
        "name": "test-host",
        "type": "host",
      },
    ],
    "tags": Array [
      "defLabel:def\\\\\\\\Value-\\\\\\"quote\\\\\\"",
      "action:auth",
    ],
    "type": 2,
  },
  Object {
    "metric": "test.histogram.bucket_100",
    "points": Array [
      Object {
        "timestamp": 12345678,
        "value": 3,
      },
    ],
    "resources": Array [
      Object {
        "name": "test-host",
        "type": "host",
      },
    ],
    "tags": Array [
      "defLabel:def\\\\\\\\Value-\\\\\\"quote\\\\\\"",
      "action:auth",
    ],
    "type": 2,
  },
  Object {
    "metric": "test.histogram.bucket_250",
    "points": Array [
      Object {
        "timestamp": 12345678,
        "value": 3,
      },
    ],
    "resources": Array [
      Object {
        "name": "test-host",
        "type": "host",
      },
    ],
    "tags": Array [
      "defLabel:def\\\\\\\\Value-\\\\\\"quote\\\\\\"",
      "action:auth",
    ],
    "type": 2,
  },
  Object {
    "metric": "test.histogram.bucket_500",
    "points": Array [
      Object {
        "timestamp": 12345678,
        "value": 3,
      },
    ],
    "resources": Array [
      Object {
        "name": "test-host",
        "type": "host",
      },
    ],
    "tags": Array [
      "defLabel:def\\\\\\\\Value-\\\\\\"quote\\\\\\"",
      "action:auth",
    ],
    "type": 2,
  },
  Object {
    "metric": "test.histogram.bucket_1000",
    "points": Array [
      Object {
        "timestamp": 12345678,
        "value": 3,
      },
    ],
    "resources": Array [
      Object {
        "name": "test-host",
        "type": "host",
      },
    ],
    "tags": Array [
      "defLabel:def\\\\\\\\Value-\\\\\\"quote\\\\\\"",
      "action:auth",
    ],
    "type": 2,
  },
  Object {
    "metric": "test.histogram.bucket_2500",
    "points": Array [
      Object {
        "timestamp": 12345678,
        "value": 3,
      },
    ],
    "resources": Array [
      Object {
        "name": "test-host",
        "type": "host",
      },
    ],
    "tags": Array [
      "defLabel:def\\\\\\\\Value-\\\\\\"quote\\\\\\"",
      "action:auth",
    ],
    "type": 2,
  },
  Object {
    "metric": "test.histogram.bucket_5000",
    "points": Array [
      Object {
        "timestamp": 12345678,
        "value": 3,
      },
    ],
    "resources": Array [
      Object {
        "name": "test-host",
        "type": "host",
      },
    ],
    "tags": Array [
      "defLabel:def\\\\\\\\Value-\\\\\\"quote\\\\\\"",
      "action:auth",
    ],
    "type": 2,
  },
  Object {
    "metric": "test.histogram.bucket_10000",
    "points": Array [
      Object {
        "timestamp": 12345678,
        "value": 3,
      },
    ],
    "resources": Array [
      Object {
        "name": "test-host",
        "type": "host",
      },
    ],
    "tags": Array [
      "defLabel:def\\\\\\\\Value-\\\\\\"quote\\\\\\"",
      "action:auth",
    ],
    "type": 2,
  },
  Object {
    "metric": "test.histogram.bucket_inf",
    "points": Array [
      Object {
        "timestamp": 12345678,
        "value": 3,
      },
    ],
    "resources": Array [
      Object {
        "name": "test-host",
        "type": "host",
      },
    ],
    "tags": Array [
      "defLabel:def\\\\\\\\Value-\\\\\\"quote\\\\\\"",
      "action:auth",
    ],
    "type": 2,
  },
  Object {
    "metric": "test.histogram.q0.5",
    "points": Array [
      Object {
        "timestamp": 12345678,
        "value": 3,
      },
    ],
    "resources": Array [
      Object {
        "name": "test-host",
        "type": "host",
      },
    ],
    "tags": Array [
      "defLabel:def\\\\\\\\Value-\\\\\\"quote\\\\\\"",
      "action:auth",
    ],
    "type": 2,
  },
  Object {
    "metric": "test.histogram.q0.9",
    "points": Array [
      Object {
        "timestamp": 12345678,
        "value": 7,
      },
    ],
    "resources": Array [
      Object {
        "name": "test-host",
        "type": "host",
      },
    ],
    "tags": Array [
      "defLabel:def\\\\\\\\Value-\\\\\\"quote\\\\\\"",
      "action:auth",
    ],
    "type": 2,
  },
  Object {
    "metric": "test.histogram.q0.95",
    "points": Array [
      Object {
        "timestamp": 12345678,
        "value": 7,
      },
    ],
    "resources": Array [
      Object {
        "name": "test-host",
        "type": "host",
      },
    ],
    "tags": Array [
      "defLabel:def\\\\\\\\Value-\\\\\\"quote\\\\\\"",
      "action:auth",
    ],
    "type": 2,
  },
  Object {
    "metric": "test.histogram.q0.99",
    "points": Array [
      Object {
        "timestamp": 12345678,
        "value": 7,
      },
    ],
    "resources": Array [
      Object {
        "name": "test-host",
        "type": "host",
      },
    ],
    "tags": Array [
      "defLabel:def\\\\\\\\Value-\\\\\\"quote\\\\\\"",
      "action:auth",
    ],
    "type": 2,
  },
  Object {
    "metric": "test.histogram.q0.999",
    "points": Array [
      Object {
        "timestamp": 12345678,
        "value": 7,
      },
    ],
    "resources": Array [
      Object {
        "name": "test-host",
        "type": "host",
      },
    ],
    "tags": Array [
      "defLabel:def\\\\\\\\Value-\\\\\\"quote\\\\\\"",
      "action:auth",
    ],
    "type": 2,
  },
  Object {
    "metric": "test.histogram.sum",
    "points": Array [
      Object {
        "timestamp": 12345678,
        "value": 11,
      },
    ],
    "resources": Array [
      Object {
        "name": "test-host",
        "type": "host",
      },
    ],
    "tags": Array [
      "defLabel:def\\\\\\\\Value-\\\\\\"quote\\\\\\"",
      "action:auth",
    ],
    "type": 2,
  },
  Object {
    "metric": "test.histogram.count",
    "points": Array [
      Object {
        "timestamp": 12345678,
        "value": 3,
      },
    ],
    "resources": Array [
      Object {
        "name": "test-host",
        "type": "host",
      },
    ],
    "tags": Array [
      "defLabel:def\\\\\\\\Value-\\\\\\"quote\\\\\\"",
      "action:auth",
    ],
    "type": 2,
  },
  Object {
    "metric": "test.histogram.min",
    "points": Array [
      Object {
        "timestamp": 12345678,
        "value": 1,
      },
    ],
    "resources": Array [
      Object {
        "name": "test-host",
        "type": "host",
      },
    ],
    "tags": Array [
      "defLabel:def\\\\\\\\Value-\\\\\\"quote\\\\\\"",
      "action:auth",
    ],
    "type": 2,
  },
  Object {
    "metric": "test.histogram.mean",
    "points": Array [
      Object {
        "timestamp": 12345678,
        "value": 3.6666666666666665,
      },
    ],
    "resources": Array [
      Object {
        "name": "test-host",
        "type": "host",
      },
    ],
    "tags": Array [
      "defLabel:def\\\\\\\\Value-\\\\\\"quote\\\\\\"",
      "action:auth",
    ],
    "type": 2,
  },
  Object {
    "metric": "test.histogram.variance",
    "points": Array [
      Object {
        "timestamp": 12345678,
        "value": 9.333333333333334,
      },
    ],
    "resources": Array [
      Object {
        "name": "test-host",
        "type": "host",
      },
    ],
    "tags": Array [
      "defLabel:def\\\\\\\\Value-\\\\\\"quote\\\\\\"",
      "action:auth",
    ],
    "type": 2,
  },
  Object {
    "metric": "test.histogram.stddev",
    "points": Array [
      Object {
        "timestamp": 12345678,
        "value": 3.0550504633038935,
      },
    ],
    "resources": Array [
      Object {
        "name": "test-host",
        "type": "host",
      },
    ],
    "tags": Array [
      "defLabel:def\\\\\\\\Value-\\\\\\"quote\\\\\\"",
      "action:auth",
    ],
    "type": 2,
  },
  Object {
    "metric": "test.histogram.max",
    "points": Array [
      Object {
        "timestamp": 12345678,
        "value": 7,
      },
    ],
    "resources": Array [
      Object {
        "name": "test-host",
        "type": "host",
      },
    ],
    "tags": Array [
      "defLabel:def\\\\\\\\Value-\\\\\\"quote\\\\\\"",
      "action:auth",
    ],
    "type": 2,
  },
]
`;
